PH sdram NULL C:/xesscorp/PRODUCTS/BITSTREAMS/XSA/200/test_board-50MHz/../../../XS_LIB/sdramcntl.vhd sub00/vhpl02
EN test_board NULL C:/xesscorp/PRODUCTS/BITSTREAMS/XSA/200/test_board-50MHz/test_board.vhd sub00/vhpl19
PB common common C:/xesscorp/PRODUCTS/BITSTREAMS/XSA/200/test_board-50MHz/../../../XS_LIB/common.vhd sub00/vhpl01
EN dualport NULL C:/xesscorp/PRODUCTS/BITSTREAMS/XSA/200/test_board-50MHz/../../../XS_LIB/sdramcntl.vhd sub00/vhpl05
AR randgen arch C:/xesscorp/PRODUCTS/BITSTREAMS/XSA/200/test_board-50MHz/../../../XS_LIB/randgen.vhd sub00/vhpl09
PH mem NULL C:/xesscorp/PRODUCTS/BITSTREAMS/XSA/200/test_board-50MHz/../../../XS_LIB/memtest.vhd sub00/vhpl10
AR dualport arch C:/xesscorp/PRODUCTS/BITSTREAMS/XSA/200/test_board-50MHz/../../../XS_LIB/sdramcntl.vhd sub00/vhpl06
EN randgen NULL C:/xesscorp/PRODUCTS/BITSTREAMS/XSA/200/test_board-50MHz/../../../XS_LIB/randgen.vhd sub00/vhpl08
EN xsasdramcntl NULL C:/xesscorp/PRODUCTS/BITSTREAMS/XSA/200/test_board-50MHz/../../XSA_LIB/xsasdramcntl.vhd sub00/vhpl14
PH common NULL C:/xesscorp/PRODUCTS/BITSTREAMS/XSA/200/test_board-50MHz/../../../XS_LIB/common.vhd sub00/vhpl00
AR xsasdramcntl arch C:/xesscorp/PRODUCTS/BITSTREAMS/XSA/200/test_board-50MHz/../../XSA_LIB/xsasdramcntl.vhd sub00/vhpl15
PH test_board_core_pckg NULL C:/xesscorp/PRODUCTS/BITSTREAMS/XSA/200/test_board-50MHz/../../XSA_LIB/test_board_core.vhd sub00/vhpl16
EN memtest NULL C:/xesscorp/PRODUCTS/BITSTREAMS/XSA/200/test_board-50MHz/../../../XS_LIB/memtest.vhd sub00/vhpl11
AR sdramcntl arch C:/xesscorp/PRODUCTS/BITSTREAMS/XSA/200/test_board-50MHz/../../../XS_LIB/sdramcntl.vhd sub00/vhpl04
PH rand NULL C:/xesscorp/PRODUCTS/BITSTREAMS/XSA/200/test_board-50MHz/../../../XS_LIB/randgen.vhd sub00/vhpl07
EN sdramcntl NULL C:/xesscorp/PRODUCTS/BITSTREAMS/XSA/200/test_board-50MHz/../../../XS_LIB/sdramcntl.vhd sub00/vhpl03
EN test_board_core NULL C:/xesscorp/PRODUCTS/BITSTREAMS/XSA/200/test_board-50MHz/../../XSA_LIB/test_board_core.vhd sub00/vhpl17
AR memtest arch C:/xesscorp/PRODUCTS/BITSTREAMS/XSA/200/test_board-50MHz/../../../XS_LIB/memtest.vhd sub00/vhpl12
AR test_board arch C:/xesscorp/PRODUCTS/BITSTREAMS/XSA/200/test_board-50MHz/test_board.vhd sub00/vhpl20
AR test_board_core arch C:/xesscorp/PRODUCTS/BITSTREAMS/XSA/200/test_board-50MHz/../../XSA_LIB/test_board_core.vhd sub00/vhpl18
PH xsasdram NULL C:/xesscorp/PRODUCTS/BITSTREAMS/XSA/200/test_board-50MHz/../../XSA_LIB/xsasdramcntl.vhd sub00/vhpl13
