V1 44
FL C:/xesscorp/PRODUCTS/BITSTREAMS/XSA/200/test_board/../../../XS_LIB/sdramcntl.vhd 2005/10/30.02:52:08
FL C:/xesscorp/PRODUCTS/BITSTREAMS/XSA/200/test_board-50MHz/../../XSA_LIB/test_board_core.vhd 2006/02/13.15:33:02
PH work/TEST_BOARD_CORE_PCKG \
      FL C:/xesscorp/PRODUCTS/BITSTREAMS/XSA/200/test_board-50MHz/../../XSA_LIB/test_board_core.vhd \
      PB ieee/STD_LOGIC_1164
EN work/TEST_BOARD_CORE \
      FL C:/xesscorp/PRODUCTS/BITSTREAMS/XSA/200/test_board-50MHz/../../XSA_LIB/test_board_core.vhd \
      PB ieee/STD_LOGIC_1164 PB ieee/STD_LOGIC_UNSIGNED PH ieee/NUMERIC_STD \
      PB work/COMMON    PH work/MEM       PH work/XSASDRAM
AR work/TEST_BOARD_CORE/ARCH \
      FL C:/xesscorp/PRODUCTS/BITSTREAMS/XSA/200/test_board-50MHz/../../XSA_LIB/test_board_core.vhd \
      EN work/TEST_BOARD_CORE CP MEMTEST  CP XSASDRAMCNTL
FL C:/xesscorp/PRODUCTS/BITSTREAMS/XSA/200/test_board-50MHz/test_board.vhd 2006/02/13.15:51:08
EN work/TEST_BOARD \
      FL C:/xesscorp/PRODUCTS/BITSTREAMS/XSA/200/test_board-50MHz/test_board.vhd \
      PB ieee/STD_LOGIC_1164 PH work/TEST_BOARD_CORE_PCKG
AR work/TEST_BOARD/ARCH \
      FL C:/xesscorp/PRODUCTS/BITSTREAMS/XSA/200/test_board-50MHz/test_board.vhd \
      EN work/TEST_BOARD CP TEST_BOARD_CORE
FL C:/xesscorp/PRODUCTS/BITSTREAMS/XSA/200/test_board-50MHz/../../../XS_LIB/randgen.vhd 2005/10/30.14:02:26
PH work/RAND \
      FL C:/xesscorp/PRODUCTS/BITSTREAMS/XSA/200/test_board-50MHz/../../../XS_LIB/randgen.vhd \
      PB ieee/STD_LOGIC_1164 PB ieee/STD_LOGIC_UNSIGNED PH ieee/NUMERIC_STD \
      PB work/COMMON
EN work/RANDGEN \
      FL C:/xesscorp/PRODUCTS/BITSTREAMS/XSA/200/test_board-50MHz/../../../XS_LIB/randgen.vhd \
      PB ieee/STD_LOGIC_1164 PB ieee/STD_LOGIC_UNSIGNED PH ieee/NUMERIC_STD \
      PB work/COMMON
AR work/RANDGEN/ARCH \
      FL C:/xesscorp/PRODUCTS/BITSTREAMS/XSA/200/test_board-50MHz/../../../XS_LIB/randgen.vhd \
      EN work/RANDGEN
FL C:/xesscorp/PRODUCTS/BITSTREAMS/XSA/200/test_board/../../../XS_LIB/randgen.vhd 2005/10/30.02:52:08
FL C:/xesscorp/PRODUCTS/BITSTREAMS/XSA/200/test_board/test_board.vhd 2005/10/30.02:51:24
FL C:/xesscorp/PRODUCTS/BITSTREAMS/XSA/200/test_board/../../XSA_LIB/xsasdramcntl.vhd 2005/10/30.02:51:48
FL C:/xesscorp/PRODUCTS/BITSTREAMS/XSA/200/test_board/../../../XS_LIB/common.vhd 2005/10/30.02:52:02
FL C:/xesscorp/PRODUCTS/BITSTREAMS/XSA/200/test_board-50MHz/../../XSA_LIB/xsasdramcntl.vhd 2005/10/30.14:02:04
PH work/XSASDRAM \
      FL C:/xesscorp/PRODUCTS/BITSTREAMS/XSA/200/test_board-50MHz/../../XSA_LIB/xsasdramcntl.vhd \
      PB ieee/STD_LOGIC_1164 PH ieee/NUMERIC_STD PH unisim/VCOMPONENTS \
      PB work/COMMON    PH work/SDRAM
EN work/XSASDRAMCNTL \
      FL C:/xesscorp/PRODUCTS/BITSTREAMS/XSA/200/test_board-50MHz/../../XSA_LIB/xsasdramcntl.vhd \
      PB ieee/STD_LOGIC_1164 PH ieee/NUMERIC_STD PH unisim/VCOMPONENTS \
      PB work/COMMON    PH work/SDRAM
AR work/XSASDRAMCNTL/ARCH \
      FL C:/xesscorp/PRODUCTS/BITSTREAMS/XSA/200/test_board-50MHz/../../XSA_LIB/xsasdramcntl.vhd \
      EN work/XSASDRAMCNTL CP IBUFG       CP CLKDLL         CP BUFG           CP SRL16 \
      CP SDRAMCNTL
FL C:/xesscorp/PRODUCTS/BITSTREAMS/XSA/200/test_board-50MHz/../../../XS_LIB/sdramcntl.vhd 2005/10/30.14:02:24
PH work/SDRAM \
      FL C:/xesscorp/PRODUCTS/BITSTREAMS/XSA/200/test_board-50MHz/../../../XS_LIB/sdramcntl.vhd \
      PB ieee/STD_LOGIC_1164
EN work/SDRAMCNTL \
      FL C:/xesscorp/PRODUCTS/BITSTREAMS/XSA/200/test_board-50MHz/../../../XS_LIB/sdramcntl.vhd \
      PB ieee/STD_LOGIC_1164 PB ieee/STD_LOGIC_UNSIGNED PH ieee/NUMERIC_STD \
      PB work/COMMON
AR work/SDRAMCNTL/ARCH \
      FL C:/xesscorp/PRODUCTS/BITSTREAMS/XSA/200/test_board-50MHz/../../../XS_LIB/sdramcntl.vhd \
      EN work/SDRAMCNTL
EN work/DUALPORT \
      FL C:/xesscorp/PRODUCTS/BITSTREAMS/XSA/200/test_board-50MHz/../../../XS_LIB/sdramcntl.vhd \
      PB ieee/STD_LOGIC_1164 PB ieee/STD_LOGIC_UNSIGNED PH ieee/NUMERIC_STD \
      PB work/COMMON
AR work/DUALPORT/ARCH \
      FL C:/xesscorp/PRODUCTS/BITSTREAMS/XSA/200/test_board-50MHz/../../../XS_LIB/sdramcntl.vhd \
      EN work/DUALPORT
FL C:/xesscorp/PRODUCTS/BITSTREAMS/XSA/200/test_board-50MHz/../../../XS_LIB/memtest.vhd 2005/10/30.14:02:20
PH work/MEM \
      FL C:/xesscorp/PRODUCTS/BITSTREAMS/XSA/200/test_board-50MHz/../../../XS_LIB/memtest.vhd \
      PB ieee/STD_LOGIC_1164
EN work/MEMTEST \
      FL C:/xesscorp/PRODUCTS/BITSTREAMS/XSA/200/test_board-50MHz/../../../XS_LIB/memtest.vhd \
      PB ieee/STD_LOGIC_1164 PB ieee/STD_LOGIC_UNSIGNED PH ieee/NUMERIC_STD \
      PB work/COMMON    PH work/RAND
AR work/MEMTEST/ARCH \
      FL C:/xesscorp/PRODUCTS/BITSTREAMS/XSA/200/test_board-50MHz/../../../XS_LIB/memtest.vhd \
      EN work/MEMTEST   CP RANDGEN
FL C:/xesscorp/PRODUCTS/BITSTREAMS/XSA/200/test_board/../../XSA_LIB/test_board_core.vhd 2005/10/30.02:51:46
FL C:/xesscorp/PRODUCTS/BITSTREAMS/XSA/200/test_board-50MHz/../../../XS_LIB/common.vhd 2005/10/30.14:02:18
PH work/COMMON \
      FL C:/xesscorp/PRODUCTS/BITSTREAMS/XSA/200/test_board-50MHz/../../../XS_LIB/common.vhd \
      PB ieee/STD_LOGIC_1164 PH ieee/NUMERIC_STD
PB work/COMMON \
      FL C:/xesscorp/PRODUCTS/BITSTREAMS/XSA/200/test_board-50MHz/../../../XS_LIB/common.vhd \
      PH work/COMMON    PB ieee/STD_LOGIC_1164 PH ieee/NUMERIC_STD
FL C:/xesscorp/PRODUCTS/BITSTREAMS/XSA/200/test_board/../../../XS_LIB/memtest.vhd 2005/10/30.02:52:02
