EN test_dualport_core NULL C:/temp/BITSTREAMS/XSB/300e/test_dualport/../../XSB_LIB/test_dualport_core.vhd sub00/vhpl14
PH sdram NULL C:/temp/BITSTREAMS/XSB/300e/test_dualport/../../../XS_LIB/sdramcntl.vhd sub00/vhpl08
AR test_dualport arch C:/temp/BITSTREAMS/XSB/300e/test_dualport/test_dualport.vhd sub00/vhpl17
PH test_dualport_core_pckg NULL C:/temp/BITSTREAMS/XSB/300e/test_dualport/../../XSB_LIB/test_dualport_core.vhd sub00/vhpl13
PB common common C:/temp/BITSTREAMS/XSB/300e/test_dualport/../../../XS_LIB/common.vhd sub00/vhpl01
EN dualport NULL C:/temp/BITSTREAMS/XSB/300e/test_dualport/../../../XS_LIB/sdramcntl.vhd sub00/vhpl11
AR randgen arch C:/temp/BITSTREAMS/XSB/300e/test_dualport/../../../XS_LIB/randgen.vhd sub00/vhpl04
PH mem NULL C:/temp/BITSTREAMS/XSB/300e/test_dualport/../../../XS_LIB/memtest.vhd sub00/vhpl05
AR dualport arch C:/temp/BITSTREAMS/XSB/300e/test_dualport/../../../XS_LIB/sdramcntl.vhd sub00/vhpl12
EN randgen NULL C:/temp/BITSTREAMS/XSB/300e/test_dualport/../../../XS_LIB/randgen.vhd sub00/vhpl03
AR test_dualport_core arch C:/temp/BITSTREAMS/XSB/300e/test_dualport/../../XSB_LIB/test_dualport_core.vhd sub00/vhpl15
EN test_dualport NULL C:/temp/BITSTREAMS/XSB/300e/test_dualport/test_dualport.vhd sub00/vhpl16
PH common NULL C:/temp/BITSTREAMS/XSB/300e/test_dualport/../../../XS_LIB/common.vhd sub00/vhpl00
EN memtest NULL C:/temp/BITSTREAMS/XSB/300e/test_dualport/../../../XS_LIB/memtest.vhd sub00/vhpl06
AR sdramcntl arch C:/temp/BITSTREAMS/XSB/300e/test_dualport/../../../XS_LIB/sdramcntl.vhd sub00/vhpl10
PH rand NULL C:/temp/BITSTREAMS/XSB/300e/test_dualport/../../../XS_LIB/randgen.vhd sub00/vhpl02
EN sdramcntl NULL C:/temp/BITSTREAMS/XSB/300e/test_dualport/../../../XS_LIB/sdramcntl.vhd sub00/vhpl09
AR memtest arch C:/temp/BITSTREAMS/XSB/300e/test_dualport/../../../XS_LIB/memtest.vhd sub00/vhpl07
